This is XeTeX, Version 3.141592653-2.6-0.999998 (TeX Live 2026) (preloaded format=xelatex)
 restricted \write18 enabled.
entering extended mode
(./main.tex
LaTeX2e <2025-11-01>
L3 programming layer <2026-01-19>
(c:/texlive/2026/texmf-dist/tex/latex/ctex/ctexart.cls
(c:/texlive/2026/texmf-dist/tex/latex/ctex/config/ctexbackend.cfg)
(c:/texlive/2026/texmf-dist/tex/latex/l3kernel/expl3.sty
(c:/texlive/2026/texmf-dist/tex/latex/l3backend/l3backend-xetex.def))
Document Class: ctexart 2022/07/14 v2.5.10 Chinese adapter for class article (C
TEX)
(c:/texlive/2026/texmf-dist/tex/latex/ctex/ctexhook.sty)
(c:/texlive/2026/texmf-dist/tex/latex/ctex/ctexpatch.sty)
(c:/texlive/2026/texmf-dist/tex/latex/base/fix-cm.sty
(c:/texlive/2026/texmf-dist/tex/latex/base/ts1enc.def))
(c:/texlive/2026/texmf-dist/tex/latex/ctex/config/ctexopts.cfg)
(c:/texlive/2026/texmf-dist/tex/latex/base/article.cls
Document Class: article 2025/01/22 v1.4n Standard LaTeX document class
(c:/texlive/2026/texmf-dist/tex/latex/base/size12.clo))
(c:/texlive/2026/texmf-dist/tex/latex/ctex/engine/ctex-engine-xetex.def
(c:/texlive/2026/texmf-dist/tex/xelatex/xecjk/xeCJK.sty
(c:/texlive/2026/texmf-dist/tex/latex/l3packages/xtemplate/xtemplate.sty)
(c:/texlive/2026/texmf-dist/tex/latex/fontspec/fontspec.sty
(c:/texlive/2026/texmf-dist/tex/latex/l3packages/xparse/xparse.sty)
(c:/texlive/2026/texmf-dist/tex/latex/fontspec/fontspec-xetex.sty
(c:/texlive/2026/texmf-dist/tex/latex/base/fontenc.sty)
(c:/texlive/2026/texmf-dist/tex/latex/fontspec/fontspec.cfg)))
(c:/texlive/2026/texmf-dist/tex/xelatex/xecjk/xeCJK.cfg)))
(c:/texlive/2026/texmf-dist/tex/latex/zhnumber/zhnumber.sty
(c:/texlive/2026/texmf-dist/tex/latex/zhnumber/zhnumber-utf8.cfg))
(c:/texlive/2026/texmf-dist/tex/latex/ctex/scheme/ctex-scheme-chinese-article.d
ef (c:/texlive/2026/texmf-dist/tex/latex/ctex/config/ctex-name-utf8.cfg))
(c:/texlive/2026/texmf-dist/tex/latex/ctex/fontset/ctex-fontset-windows.def))
(c:/texlive/2026/texmf-dist/tex/latex/ctex/config/ctex.cfg)
(c:/texlive/2026/texmf-dist/tex/latex/geometry/geometry.sty
(c:/texlive/2026/texmf-dist/tex/latex/graphics/keyval.sty)
(c:/texlive/2026/texmf-dist/tex/generic/iftex/ifvtex.sty
(c:/texlive/2026/texmf-dist/tex/generic/iftex/iftex.sty)))

Package xeCJK Warning: Redefining CJKfamily `\CJKrmdefault' (SimSun(0)).


Package xeCJK Warning: Redefining CJKfamily `\CJKsfdefault' (Microsoft YaHei).


Package xeCJK Warning: Redefining CJKfamily `\CJKttdefault' (FangSong).

(c:/texlive/2026/texmf-dist/tex/latex/graphics/graphicx.sty
(c:/texlive/2026/texmf-dist/tex/latex/graphics/graphics.sty
(c:/texlive/2026/texmf-dist/tex/latex/graphics/trig.sty)
(c:/texlive/2026/texmf-dist/tex/latex/graphics-cfg/graphics.cfg)
(c:/texlive/2026/texmf-dist/tex/latex/graphics-def/xetex.def)))
(c:/texlive/2026/texmf-dist/tex/latex/booktabs/booktabs.sty)
(c:/texlive/2026/texmf-dist/tex/latex/amsmath/amsmath.sty
For additional information on amsmath, use the `?' option.
(c:/texlive/2026/texmf-dist/tex/latex/amsmath/amstext.sty
(c:/texlive/2026/texmf-dist/tex/latex/amsmath/amsgen.sty))
(c:/texlive/2026/texmf-dist/tex/latex/amsmath/amsbsy.sty)
(c:/texlive/2026/texmf-dist/tex/latex/amsmath/amsopn.sty))
(c:/texlive/2026/texmf-dist/tex/latex/amsfonts/amssymb.sty
(c:/texlive/2026/texmf-dist/tex/latex/amsfonts/amsfonts.sty))
(c:/texlive/2026/texmf-dist/tex/latex/tools/bm.sty)
(c:/texlive/2026/texmf-dist/tex/latex/hyperref/hyperref.sty
(c:/texlive/2026/texmf-dist/tex/latex/kvsetkeys/kvsetkeys.sty)
(c:/texlive/2026/texmf-dist/tex/generic/kvdefinekeys/kvdefinekeys.sty)
(c:/texlive/2026/texmf-dist/tex/generic/pdfescape/pdfescape.sty
(c:/texlive/2026/texmf-dist/tex/generic/ltxcmds/ltxcmds.sty)
(c:/texlive/2026/texmf-dist/tex/generic/pdftexcmds/pdftexcmds.sty
(c:/texlive/2026/texmf-dist/tex/generic/infwarerr/infwarerr.sty)))
(c:/texlive/2026/texmf-dist/tex/latex/hycolor/hycolor.sty)
(c:/texlive/2026/texmf-dist/tex/latex/hyperref/nameref.sty
(c:/texlive/2026/texmf-dist/tex/latex/refcount/refcount.sty)
(c:/texlive/2026/texmf-dist/tex/generic/gettitlestring/gettitlestring.sty
(c:/texlive/2026/texmf-dist/tex/latex/kvoptions/kvoptions.sty)))
(c:/texlive/2026/texmf-dist/tex/latex/etoolbox/etoolbox.sty)
(c:/texlive/2026/texmf-dist/tex/generic/stringenc/stringenc.sty)
(c:/texlive/2026/texmf-dist/tex/latex/hyperref/pd1enc.def)
(c:/texlive/2026/texmf-dist/tex/generic/intcalc/intcalc.sty)
(c:/texlive/2026/texmf-dist/tex/latex/hyperref/puenc.def)
(c:/texlive/2026/texmf-dist/tex/latex/url/url.sty)
(c:/texlive/2026/texmf-dist/tex/generic/bitset/bitset.sty
(c:/texlive/2026/texmf-dist/tex/generic/bigintcalc/bigintcalc.sty)))
(c:/texlive/2026/texmf-dist/tex/latex/hyperref/hxetex.def
(c:/texlive/2026/texmf-dist/tex/latex/rerunfilecheck/rerunfilecheck.sty
(c:/texlive/2026/texmf-dist/tex/generic/uniquecounter/uniquecounter.sty)))
(c:/texlive/2026/texmf-dist/tex/latex/placeins/placeins.sty)
(c:/texlive/2026/texmf-dist/tex/latex/base/flafter.sty)
(c:/texlive/2026/texmf-dist/tex/latex/enumitem/enumitem.sty)
(c:/texlive/2026/texmf-dist/tex/latex/caption/caption.sty
(c:/texlive/2026/texmf-dist/tex/latex/caption/caption3.sty))
(c:/texlive/2026/texmf-dist/tex/latex/listings/listings.sty
(c:/texlive/2026/texmf-dist/tex/latex/listings/lstpatch.sty)
(c:/texlive/2026/texmf-dist/tex/latex/listings/lstmisc.sty)
(c:/texlive/2026/texmf-dist/tex/latex/listings/listings.cfg))
(c:/texlive/2026/texmf-dist/tex/xelatex/xecjk/xeCJK-listings.sty)
==> First Aid for listings.sty no longer applied!
    Expected:
        2024/09/23 1.10c (Carsten Heinz)
    but found:
        2025/11/14 1.11b (Carsten Heinz)
    so I'm assuming it got fixed.
(c:/texlive/2026/texmf-dist/tex/latex/xcolor/xcolor.sty
(c:/texlive/2026/texmf-dist/tex/latex/graphics-cfg/color.cfg)
(c:/texlive/2026/texmf-dist/tex/latex/graphics/mathcolor.ltx))
(c:/texlive/2026/texmf-dist/tex/latex/tools/tabularx.sty
(c:/texlive/2026/texmf-dist/tex/latex/tools/array.sty))
(c:/texlive/2026/texmf-dist/tex/latex/pgf/frontendlayer/tikz.sty
(c:/texlive/2026/texmf-dist/tex/latex/pgf/basiclayer/pgf.sty
(c:/texlive/2026/texmf-dist/tex/latex/pgf/utilities/pgfrcs.sty
(c:/texlive/2026/texmf-dist/tex/generic/pgf/utilities/pgfutil-common.tex)
(c:/texlive/2026/texmf-dist/tex/generic/pgf/utilities/pgfutil-latex.def)
(c:/texlive/2026/texmf-dist/tex/generic/pgf/utilities/pgfrcs.code.tex
(c:/texlive/2026/texmf-dist/tex/generic/pgf/pgf.revision.tex)))
(c:/texlive/2026/texmf-dist/tex/latex/pgf/basiclayer/pgfcore.sty
(c:/texlive/2026/texmf-dist/tex/latex/pgf/systemlayer/pgfsys.sty
(c:/texlive/2026/texmf-dist/tex/generic/pgf/systemlayer/pgfsys.code.tex
(c:/texlive/2026/texmf-dist/tex/generic/pgf/utilities/pgfkeys.code.tex
(c:/texlive/2026/texmf-dist/tex/generic/pgf/utilities/pgfkeyslibraryfiltered.co
de.tex)) (c:/texlive/2026/texmf-dist/tex/generic/pgf/systemlayer/pgf.cfg)
(c:/texlive/2026/texmf-dist/tex/generic/pgf/systemlayer/pgfsys-xetex.def
(c:/texlive/2026/texmf-dist/tex/generic/pgf/systemlayer/pgfsys-dvipdfmx.def
(c:/texlive/2026/texmf-dist/tex/generic/pgf/systemlayer/pgfsys-common-pdf.def))
))
(c:/texlive/2026/texmf-dist/tex/generic/pgf/systemlayer/pgfsyssoftpath.code.tex
)
(c:/texlive/2026/texmf-dist/tex/generic/pgf/systemlayer/pgfsysprotocol.code.tex
)) (c:/texlive/2026/texmf-dist/tex/generic/pgf/basiclayer/pgfcore.code.tex
(c:/texlive/2026/texmf-dist/tex/generic/pgf/math/pgfmath.code.tex
(c:/texlive/2026/texmf-dist/tex/generic/pgf/math/pgfmathutil.code.tex)
(c:/texlive/2026/texmf-dist/tex/generic/pgf/math/pgfmathparser.code.tex)
(c:/texlive/2026/texmf-dist/tex/generic/pgf/math/pgfmathfunctions.code.tex)
(c:/texlive/2026/texmf-dist/tex/generic/pgf/math/pgfmathfunctions.basic.code.te
x)
(c:/texlive/2026/texmf-dist/tex/generic/pgf/math/pgfmathfunctions.trigonometric
.code.tex)
(c:/texlive/2026/texmf-dist/tex/generic/pgf/math/pgfmathfunctions.random.code.t
ex)
(c:/texlive/2026/texmf-dist/tex/generic/pgf/math/pgfmathfunctions.comparison.co
de.tex)
(c:/texlive/2026/texmf-dist/tex/generic/pgf/math/pgfmathfunctions.base.code.tex
)
(c:/texlive/2026/texmf-dist/tex/generic/pgf/math/pgfmathfunctions.round.code.te
x)
(c:/texlive/2026/texmf-dist/tex/generic/pgf/math/pgfmathfunctions.misc.code.tex
)
(c:/texlive/2026/texmf-dist/tex/generic/pgf/math/pgfmathfunctions.integerarithm
etics.code.tex)
(c:/texlive/2026/texmf-dist/tex/generic/pgf/math/pgfmathcalc.code.tex)
(c:/texlive/2026/texmf-dist/tex/generic/pgf/math/pgfmathfloat.code.tex))
(c:/texlive/2026/texmf-dist/tex/generic/pgf/math/pgfint.code.tex)
(c:/texlive/2026/texmf-dist/tex/generic/pgf/basiclayer/pgfcorepoints.code.tex)
(c:/texlive/2026/texmf-dist/tex/generic/pgf/basiclayer/pgfcorepathconstruct.cod
e.tex)
(c:/texlive/2026/texmf-dist/tex/generic/pgf/basiclayer/pgfcorepathusage.code.te
x)
(c:/texlive/2026/texmf-dist/tex/generic/pgf/basiclayer/pgfcorescopes.code.tex)
(c:/texlive/2026/texmf-dist/tex/generic/pgf/basiclayer/pgfcoregraphicstate.code
.tex)
(c:/texlive/2026/texmf-dist/tex/generic/pgf/basiclayer/pgfcoretransformations.c
ode.tex)
(c:/texlive/2026/texmf-dist/tex/generic/pgf/basiclayer/pgfcorequick.code.tex)
(c:/texlive/2026/texmf-dist/tex/generic/pgf/basiclayer/pgfcoreobjects.code.tex)

(c:/texlive/2026/texmf-dist/tex/generic/pgf/basiclayer/pgfcorepathprocessing.co
de.tex)
(c:/texlive/2026/texmf-dist/tex/generic/pgf/basiclayer/pgfcorearrows.code.tex)
(c:/texlive/2026/texmf-dist/tex/generic/pgf/basiclayer/pgfcoreshade.code.tex)
(c:/texlive/2026/texmf-dist/tex/generic/pgf/basiclayer/pgfcoreimage.code.tex)
(c:/texlive/2026/texmf-dist/tex/generic/pgf/basiclayer/pgfcoreexternal.code.tex
) (c:/texlive/2026/texmf-dist/tex/generic/pgf/basiclayer/pgfcorelayers.code.tex
)
(c:/texlive/2026/texmf-dist/tex/generic/pgf/basiclayer/pgfcoretransparency.code
.tex)
(c:/texlive/2026/texmf-dist/tex/generic/pgf/basiclayer/pgfcorepatterns.code.tex
) (c:/texlive/2026/texmf-dist/tex/generic/pgf/basiclayer/pgfcorerdf.code.tex)))
 (c:/texlive/2026/texmf-dist/tex/generic/pgf/modules/pgfmoduleshapes.code.tex)
(c:/texlive/2026/texmf-dist/tex/generic/pgf/modules/pgfmoduleplot.code.tex)
(c:/texlive/2026/texmf-dist/tex/latex/pgf/compatibility/pgfcomp-version-0-65.st
y)
(c:/texlive/2026/texmf-dist/tex/latex/pgf/compatibility/pgfcomp-version-1-18.st
y)) (c:/texlive/2026/texmf-dist/tex/latex/pgf/utilities/pgffor.sty
(c:/texlive/2026/texmf-dist/tex/latex/pgf/utilities/pgfkeys.sty
(c:/texlive/2026/texmf-dist/tex/generic/pgf/utilities/pgfkeys.code.tex))
(c:/texlive/2026/texmf-dist/tex/latex/pgf/math/pgfmath.sty
(c:/texlive/2026/texmf-dist/tex/generic/pgf/math/pgfmath.code.tex))
(c:/texlive/2026/texmf-dist/tex/generic/pgf/utilities/pgffor.code.tex))
(c:/texlive/2026/texmf-dist/tex/generic/pgf/frontendlayer/tikz/tikz.code.tex
(c:/texlive/2026/texmf-dist/tex/generic/pgf/libraries/pgflibraryplothandlers.co
de.tex)
(c:/texlive/2026/texmf-dist/tex/generic/pgf/modules/pgfmodulematrix.code.tex)
(c:/texlive/2026/texmf-dist/tex/generic/pgf/frontendlayer/tikz/libraries/tikzli
brarytopaths.code.tex)))
(c:/texlive/2026/texmf-dist/tex/generic/pgf/libraries/pgflibraryarrows.meta.cod
e.tex)
(c:/texlive/2026/texmf-dist/tex/generic/pgf/frontendlayer/tikz/libraries/tikzli
brarypositioning.code.tex)
(c:/texlive/2026/texmf-dist/tex/generic/pgf/frontendlayer/tikz/libraries/tikzli
braryshapes.geometric.code.tex
(c:/texlive/2026/texmf-dist/tex/generic/pgf/libraries/shapes/pgflibraryshapes.g
eometric.code.tex))
(c:/texlive/2026/texmf-dist/tex/generic/pgf/frontendlayer/tikz/libraries/tikzli
braryfit.code.tex) (c:/texlive/2026/texmf-dist/tex/latex/listings/lstlang1.sty)
(./main.aux)
*geometry* driver: auto-detecting
*geometry* detected driver: xetex
(./main.out) (./main.out)
(c:/texlive/2026/texmf-dist/tex/latex/amsfonts/umsa.fd)
(c:/texlive/2026/texmf-dist/tex/latex/amsfonts/umsb.fd) (./main.toc [1])
[2] (./sections/sec01_introduction.tex [3]) [4] (./sections/sec02_physics.tex
[5]
Underfull \hbox (badness 10000) in paragraph at lines 90--92
[]\TU/simsun.ttc(0)/m/it/12 混 沌 系 统 最 核 心 的 量 化 特 征 是 其 对 初 值 的 指 数 级 敏 感 性。|
) [6] (./sections/sec03_design.tex

Package enumitem Warning: Negative labelwidth. This does not make much
(enumitem)                sense, on input line 8.


Underfull \hbox (badness 10000) in paragraph at lines 9--11
[]\TU/simsun.ttc(0)/m/it/12 实 体\TU/TimesNewRoman(0)/m/n/12 /\TU/simsun.ttc(0)/m
/it/12 值 对 象\TU/TimesNewRoman(0)/m/n/12 /\TU/simsun.ttc(0)/m/it/12 领 域 服 务：| \T
U/TimesNewRoman(0)/m/n/12 ODE \TU/simsun.ttc(0)/m/it/12 右 端 函 数、|  三 种 积 分 器
[7] [8]
Overfull \hbox (40.34132pt too wide) in paragraph at lines 210--211
 [][] 
[9] [10] [11]) [12] (./sections/sec04_usage.tex
Underfull \hbox (badness 10000) in alignment at lines 54--54
[][][][][] 
[13] [14]) [15] (./sections/sec05_validation.tex [16] [17] [18] [19]) [20]
(./sections/sec06_discussion.tex [21]) [22] (./sections/sec07_conclusion.tex
Underfull \hbox (badness 10000) in alignment at lines 43--43
[][] 
) [23] (./main.aux) )
(see the transcript file for additional information)
Output written on main.pdf (23 pages).
Transcript written on main.log.
